[{"address":4096,"mnemonic":"adrp","op_str":"x8, #0x1000","operands":[{"imm":0,"mem_base":"","mem_disp":0,"mem_index":"","reg":"x8","type":"reg"},{"imm":4096,"mem_base":"","mem_disp":0,"mem_index":"","reg":"","type":"imm"}]},{"address":4100,"mnemonic":"add","op_str":"x0, x8, #0x23","operands":[{"imm":0,"mem_base":"","mem_disp":0,"mem_index":"","reg":"x0","type":"reg"},{"imm":0,"mem_base":"","mem_disp":0,"mem_index":"","reg":"x8","type":"reg"},{"imm":35,"mem_base":"","mem_disp":0,"mem_index":"","reg":"","type":"imm"}]},{"address":4104,"mnemonic":"ldr","op_str":"x1, [x2, #0x10]","operands":[{"imm":0,"mem_base":"","mem_disp":0,"mem_index":"","reg":"x1","type":"reg"},{"imm":0,"mem_base":"x2","mem_disp":16,"mem_index":"","reg":"","type":"mem"}]},{"address":4108,"mnemonic":"bl","op_str":"#0x100c","operands":[{"imm":4108,"mem_base":"","mem_disp":0,"mem_index":"","reg":"","type":"imm"}]}]
